// Jest Snapshot v1, https://goo.gl/fbAQLP

exports[`Atom/Text should render snapshot 1`] = `
<View
  style={
    Array [
      Object {
        "backgroundColor": "#fff",
        "flexBasis": 0,
        "flexGrow": 1,
        "flexShrink": 1,
        "height": "100vh",
      },
    ]
  }
>
  <View
    accessible={false}
    style={
      Array [
        undefined,
        Object {
          "alignItems": undefined,
          "borderColor": undefined,
          "borderWidth": 0,
          "flex": 1,
          "flexDirection": "column",
          "justifyContent": undefined,
          "padding": 10,
        },
      ]
    }
    testID="View_View"
  >
    <Text
      accessible={false}
      style={
        Array [
          Object {
            "color": "#444",
            "fontSize": 12,
            "textTransform": "none",
          },
        ]
      }
      testID="Text_submit"
    >
      example
    </Text>
  </View>
</View>
`;
